[backblue.gif]
[fade.gif]
[index.html]
[serviexpert.com/img/logo_Serviexpert.jpg]
[serviexpert.com/img/ic_fontaneria.png]
[serviexpert.com/img/ic_electricidad.png]
[serviexpert.com/img/ic_impermeabilizante.png]
[serviexpert.com/img/ic_tinacos.png]
[serviexpert.com/img/ic_aires.png]
[serviexpert.com/img/ic_pintura.png]
[serviexpert.com/img/logo_Serviexpert_blanco.png]
[serviexpert.com/img/img_sellos_calidad.png]
[serviexpert.com/img/ic_seguridad.png]
[serviexpert.com/img/ic_confianza.png]
[serviexpert.com/img/ic_garantia.png]
[serviexpert.com/img/ic_eficiencia.png]
[serviexpert.com/img/ic_calidad.png]
[serviexpert.com/img/ic_experiencia.png]
[serviexpert.com/img/whatsapp.png]
[code.jquery.com/jquery-3.1.0.js]
[serviexpert.com/js/libs.js]
[serviexpert.com/js/scripts.js]
[serviexpert.com/index.html]
[serviexpert.com/img/banner_ppal.jpg]
[use.fontawesome.com/releases/v5.5.0/css/all.css]
[serviexpert.com/img/back_quienesSomos.jpg]
[serviexpert.com/css/style.css]
[serviexpert.com/css/bootstrap.min.css]
[use.fontawesome.com/releases/v5.5.0/webfonts/fa-brands-400.svg]
[use.fontawesome.com/releases/v5.5.0/webfonts/fa-regular-400.svg]
[use.fontawesome.com/releases/v5.5.0/css/all.css]
[use.fontawesome.com/releases/v5.5.0/webfonts/fa-brands-400.svg]
[use.fontawesome.com/releases/v5.5.0/webfonts/fa-regular-400.svg]
[use.fontawesome.com/releases/v5.5.0/webfonts/fa-solid-900.svg]
[use.fontawesome.com/releases/v5.5.0/webfonts/fa-solid-900.svg]
[servixperts.com/aviso-privacidad.pdf]
